// Jest Snapshot v1, https://goo.gl/fbAQLP

exports[`Test component: PointsList --- Snapshot +++capturing snapshot 1`] = `
<div
  className="list-container"
>
  <div
    className="list-container__input-block input-group"
  >
    <input
      className="input-group__input"
      onChange={[Function]}
      onKeyUp={[Function]}
      value=""
    />
    <div
      className="input-group__btn"
      onClick={[Function]}
    />
  </div>
  <ul
    className="list-container__points points-group"
  />
</div>
`;
